whisper_init_from_file_with_params_no_state: loading model from '/private/tmp/gophonic-ggml-model-f32.bin'
whisper_init_with_params_no_state: use gpu    = 0
whisper_init_with_params_no_state: flash attn = 1
whisper_init_with_params_no_state: gpu_device = 0
whisper_init_with_params_no_state: dtw        = 0
whisper_init_with_params_no_state: devices    = 2
whisper_init_with_params_no_state: backends   = 2
whisper_model_load: loading model
whisper_model_load: n_vocab       = 51864
whisper_model_load: n_audio_ctx   = 1500
whisper_model_load: n_audio_state = 384
whisper_model_load: n_audio_head  = 6
whisper_model_load: n_audio_layer = 4
whisper_model_load: n_text_ctx    = 448
whisper_model_load: n_text_state  = 384
whisper_model_load: n_text_head   = 6
whisper_model_load: n_text_layer  = 4
whisper_model_load: n_mels        = 80
whisper_model_load: ftype         = 0
whisper_model_load: qntvr         = 0
whisper_model_load: type          = 1 (tiny)
whisper_model_load: adding 1607 extra tokens
whisper_model_load: n_langs       = 99
whisper_model_load:          CPU total size =   151.04 MB
whisper_model_load: model size    =  151.04 MB
whisper_backend_init_gpu: no GPU found
whisper_backend_init: using BLAS backend
whisper_init_state: kv self size  =    3.15 MB
whisper_init_state: kv cross size =    9.44 MB
whisper_init_state: kv pad  size  =    2.36 MB
whisper_init_state: compute buffer (conv)   =   13.21 MB
whisper_init_state: compute buffer (encode) =   17.72 MB
whisper_init_state: compute buffer (cross)  =    3.89 MB
whisper_init_state: compute buffer (decode) =   95.91 MB
SINGLECORE_SAMPLE 0

whisper_print_timings:     load time =    69.63 ms
whisper_print_timings:     fallbacks =   0 p /   0 h
whisper_print_timings:      mel time =    13.50 ms
whisper_print_timings:   sample time =     7.96 ms /     1 runs (     7.96 ms per run)
whisper_print_timings:   encode time =   331.23 ms /     1 runs (   331.23 ms per run)
whisper_print_timings:   decode time =    75.75 ms /    24 runs (     3.16 ms per run)
whisper_print_timings:   batchd time =     6.29 ms /     2 runs (     3.15 ms per run)
whisper_print_timings:   prompt time =     0.00 ms /     1 runs (     0.00 ms per run)
whisper_print_timings:    total time =   435.16 ms
TOKEN 843
TOKEN 523
TOKEN 616
TOKEN 5891
TOKEN 3399
TOKEN 1265
TOKEN 407
TOKEN 644
TOKEN 534
TOKEN 1499
TOKEN 460
TOKEN 466
TOKEN 329
TOKEN 345
TOKEN 11
TOKEN 1265
TOKEN 644
TOKEN 345
TOKEN 460
TOKEN 466
TOKEN 329
TOKEN 534
TOKEN 1499
TOKEN 13
TOKEN 50256
SINGLECORE_SAMPLE 1

whisper_print_timings:     load time =    69.63 ms
whisper_print_timings:     fallbacks =   0 p /   0 h
whisper_print_timings:      mel time =    13.55 ms
whisper_print_timings:   sample time =     7.94 ms /     1 runs (     7.94 ms per run)
whisper_print_timings:   encode time =   330.49 ms /     1 runs (   330.49 ms per run)
whisper_print_timings:   decode time =    75.55 ms /    24 runs (     3.15 ms per run)
whisper_print_timings:   batchd time =     6.34 ms /     2 runs (     3.17 ms per run)
whisper_print_timings:   prompt time =     0.00 ms /     1 runs (     0.00 ms per run)
whisper_print_timings:    total time =   434.28 ms
SINGLECORE_SAMPLE 2

whisper_print_timings:     load time =    69.63 ms
whisper_print_timings:     fallbacks =   0 p /   0 h
whisper_print_timings:      mel time =    13.62 ms
whisper_print_timings:   sample time =     7.97 ms /     1 runs (     7.97 ms per run)
whisper_print_timings:   encode time =   330.11 ms /     1 runs (   330.11 ms per run)
whisper_print_timings:   decode time =    75.68 ms /    24 runs (     3.15 ms per run)
whisper_print_timings:   batchd time =     6.28 ms /     2 runs (     3.14 ms per run)
whisper_print_timings:   prompt time =     0.00 ms /     1 runs (     0.00 ms per run)
whisper_print_timings:    total time =   434.07 ms
SINGLECORE_SAMPLE 3

whisper_print_timings:     load time =    69.63 ms
whisper_print_timings:     fallbacks =   0 p /   0 h
whisper_print_timings:      mel time =    13.52 ms
whisper_print_timings:   sample time =     7.94 ms /     1 runs (     7.94 ms per run)
whisper_print_timings:   encode time =   330.34 ms /     1 runs (   330.34 ms per run)
whisper_print_timings:   decode time =    76.39 ms /    24 runs (     3.18 ms per run)
whisper_print_timings:   batchd time =     6.36 ms /     2 runs (     3.18 ms per run)
whisper_print_timings:   prompt time =     0.00 ms /     1 runs (     0.00 ms per run)
whisper_print_timings:    total time =   434.96 ms
SINGLECORE_SAMPLE 4

whisper_print_timings:     load time =    69.63 ms
whisper_print_timings:     fallbacks =   0 p /   0 h
whisper_print_timings:      mel time =    13.53 ms
whisper_print_timings:   sample time =     7.94 ms /     1 runs (     7.94 ms per run)
whisper_print_timings:   encode time =   330.07 ms /     1 runs (   330.07 ms per run)
whisper_print_timings:   decode time =    75.41 ms /    24 runs (     3.14 ms per run)
whisper_print_timings:   batchd time =     6.24 ms /     2 runs (     3.12 ms per run)
whisper_print_timings:   prompt time =     0.00 ms /     1 runs (     0.00 ms per run)
whisper_print_timings:    total time =   433.62 ms
SINGLECORE_SAMPLE 5

whisper_print_timings:     load time =    69.63 ms
whisper_print_timings:     fallbacks =   0 p /   0 h
whisper_print_timings:      mel time =    13.64 ms
whisper_print_timings:   sample time =     8.03 ms /     1 runs (     8.03 ms per run)
whisper_print_timings:   encode time =   330.33 ms /     1 runs (   330.33 ms per run)
whisper_print_timings:   decode time =    75.44 ms /    24 runs (     3.14 ms per run)
whisper_print_timings:   batchd time =     6.23 ms /     2 runs (     3.12 ms per run)
whisper_print_timings:   prompt time =     0.00 ms /     1 runs (     0.00 ms per run)
whisper_print_timings:    total time =   434.08 ms
SINGLECORE_SAMPLE 6

whisper_print_timings:     load time =    69.63 ms
whisper_print_timings:     fallbacks =   0 p /   0 h
whisper_print_timings:      mel time =    13.49 ms
whisper_print_timings:   sample time =     7.98 ms /     1 runs (     7.98 ms per run)
whisper_print_timings:   encode time =   329.91 ms /     1 runs (   329.91 ms per run)
whisper_print_timings:   decode time =    75.46 ms /    24 runs (     3.14 ms per run)
whisper_print_timings:   batchd time =     6.23 ms /     2 runs (     3.12 ms per run)
whisper_print_timings:   prompt time =     0.00 ms /     1 runs (     0.00 ms per run)
whisper_print_timings:    total time =   433.48 ms
SINGLECORE_SAMPLE 7

whisper_print_timings:     load time =    69.63 ms
whisper_print_timings:     fallbacks =   0 p /   0 h
whisper_print_timings:      mel time =    13.60 ms
whisper_print_timings:   sample time =     7.93 ms /     1 runs (     7.93 ms per run)
whisper_print_timings:   encode time =   329.91 ms /     1 runs (   329.91 ms per run)
whisper_print_timings:   decode time =    75.06 ms /    24 runs (     3.13 ms per run)
whisper_print_timings:   batchd time =     6.28 ms /     2 runs (     3.14 ms per run)
whisper_print_timings:   prompt time =     0.00 ms /     1 runs (     0.00 ms per run)
whisper_print_timings:    total time =   433.18 ms
